
> kallaa-frontend@0.0.0 build
> vite build

[36mvite v7.3.2 [32mbuilding client environment for production...[36m[39m
transforming...
[32mΓ£ô[39m 2390 modules transformed.
node.exe : [31mΓ£ù[39m Build failed in 1.54s
At line:1 char:1
+ & "C:\Program Files\nodejs/node.exe" "C:\Program Files\nodejs/node_mo ...
+ ~~~~~~~~~~~~~~~~~~~~~~~~~~~~~~~~~~~~~~~~~~~~~~~~~~~~~~~~~~~~~~~~~~~~~
    + CategoryInfo          : NotSpecified: ([31mΓ£ù[39m Build failed in 1.54s:String) [], RemoteException
    + FullyQualifiedErrorId : NativeCommandError
 
[31merror during build:
[31msrc/main.tsx (2:9): "UNAUTHED_ERR_MSG" is not exported by "../shared/const.js", imported by "src/main.tsx".[31m
file: [36mC:/Users/Light/Downloads/Telegram Desktop/kallaa (4)/client/src/main.tsx:2:9[31m
[33m
1: import { trpc } from "@/lib/trpc";
2: import { UNAUTHED_ERR_MSG } from "@shared/const";
            ^
3: import { QueryClient, QueryClientProvider } from "@tanstack/react-query";
4: import { httpBatchLink, TRPCClientError } from "@trpc/client";
[31m
    at getRollupError (file:///C:/Users/Light/Downloads/Telegram%20Desktop/kallaa%20(4)/client/node_modules/rollup/dist
/es/shared/parseAst.js:406:41)
    at error (file:///C:/Users/Light/Downloads/Telegram%20Desktop/kallaa%20(4)/client/node_modules/rollup/dist/es/share
d/parseAst.js:402:42)
    at Module.error (file:///C:/Users/Light/Downloads/Telegram%20Desktop/kallaa%20(4)/client/node_modules/rollup/dist/e
s/shared/node-entry.js:17380:16)
    at Module.traceVariable (file:///C:/Users/Light/Downloads/Telegram%20Desktop/kallaa%20(4)/client/node_modules/rollu
p/dist/es/shared/node-entry.js:17813:29)
    at ModuleScope.findVariable (file:///C:/Users/Light/Downloads/Telegram%20Desktop/kallaa%20(4)/client/node_modules/r
ollup/dist/es/shared/node-entry.js:15403:39)
    at ReturnValueScope.findVariable (file:///C:/Users/Light/Downloads/Telegram%20Desktop/kallaa%20(4)/client/node_modu
les/rollup/dist/es/shared/node-entry.js:5676:38)
    at FunctionBodyScope.findVariable (file:///C:/Users/Light/Downloads/Telegram%20Desktop/kallaa%20(4)/client/node_mod
ules/rollup/dist/es/shared/node-entry.js:5676:38)
    at Identifier.bind (file:///C:/Users/Light/Downloads/Telegram%20Desktop/kallaa%20(4)/client/node_modules/rollup/dis
t/es/shared/node-entry.js:5450:40)
    at BinaryExpression.bind (file:///C:/Users/Light/Downloads/Telegram%20Desktop/kallaa%20(4)/client/node_modules/roll
up/dist/es/shared/node-entry.js:2832:23)
    at VariableDeclarator.bind (file:///C:/Users/Light/Downloads/Telegram%20Desktop/kallaa%20(4)/client/node_modules/ro
llup/dist/es/shared/node-entry.js:2832:23)[39m
